AAA_END		EQU 0AA43H
AAA_START	EQU 07D00H
AMARILLO	EQU 00006H
AZUL		EQU 00001H
BLANCO		EQU 00007H
BorderChange	EQU 08C49H
CC1		EQU 08C0AH
CCH		EQU 08BFAH
CCL		EQU 08C22H
CLEAR_SRC	EQU 08B46H
COLDST		EQU 0000FH
COND		EQU 08C0BH
COPSAM		EQU 08C0EH
CUSTOM		EQU 00006H
CYAN		EQU 00005H
DEADLY		EQU 00005H
DIRATR		EQU 0A3CEH
DIRDF		EQU 0A3EAH
DLP		EQU 08BBDH
FODDER		EQU 00004H
FadeAttributes	EQU 08C49H
GRAFNO		EQU 0A38AH
GRAFNO01	EQU 0A3A2H
GRAFNO02	EQU 0A3A6H
GRAFNO03	EQU 0A3B9H
GRAFNO04	EQU 0A3BBH
GRAFNO05	EQU 0A3BDH
GRAFNO06	EQU 0A3BFH
GRAFNOAL	EQU 0A3A0H
GRAFNOAN	EQU 0A3A3H
HLSTO		EQU 08BF5H
KL		EQU 08BC7H
LADDER		EQU 00003H
LAST		EQU 08BDDH
MAGENTA		EQU 00003H
MAP		EQU 0FD00H
MLOOP		EQU 08BC3H
Menu		EQU 07D1EH
MixColors	EQU 08BACH
NEGRITA		EQU 08C2CH
NEGRO		EQU 00000H
NMESIZ		EQU 00005H
NUMSPR		EQU 0000BH
NUMTYP		EQU 00007H
PAM1ST		EQU 00005H
PAPER_BORDER	EQU 08B37H
PEPI		EQU 08C0DH
PLATFM		EQU 00001H
ROJO		EQU 00002H
SIG		EQU 08C35H
SIGL		EQU 0A3DBH
SNDSIZ		EQU 0000AH
SPRBUF		EQU 000A5H
START_ADDR	EQU 07D00H
STO		EQU 08C2AH
TABSIZ		EQU 0000FH
VERDE		EQU 00004H
WALL		EQU 00002H
X		EQU 00008H
Y		EQU 00009H
addac2		EQU 088EDH
addsc		EQU 082D4H
animbk		EQU 0889DH
anims0		EQU 08899H
animsp		EQU 0888AH
b00087		EQU 0A426H
b00091		EQU 0A429H
b00099		EQU 0A42EH
b00173		EQU 0A45BH
b00199		EQU 0A46BH
b00273		EQU 0A497H
b00282		EQU 0A49DH
b00335		EQU 0A4BCH
b00357		EQU 0A4C9H
b00366		EQU 0A4CFH
b00380		EQU 0A4D8H
b00577		EQU 0A54AH
bcol		EQU 09C32H
blkptr		EQU 07D58H
bprop		EQU 09C60H
bsort		EQU 086B8H
bsort0		EQU 086BEH
bsort1		EQU 086DCH
bsort2		EQU 086D3H
c00072		EQU 0A576H
c00097		EQU 0A583H
c00106		EQU 0A588H
c00110		EQU 0A58BH
c00167		EQU 0A5ACH
c00191		EQU 0A5B9H
c00200		EQU 0A5BEH
c00242		EQU 0A5D7H
c00247		EQU 0A5DAH
c00276		EQU 0A5EBH
c00310		EQU 0A5FFH
c00328		EQU 0A608H
cangd		EQU 084C5H
cangh		EQU 084FCH
cangl		EQU 084E8H
cangr		EQU 084F3H
cangu		EQU 084A2H
ch1ptr		EQU 0806DH
ch2ptr		EQU 0806FH
ch3ptr		EQU 08071H
checkx		EQU 082A1H
chgfx		EQU 09AC2H
chno		EQU 07D25H
cksnd1		EQU 0813CH
cksnd2		EQU 08141H
cksnd3		EQU 08146H
clock		EQU 07DE8H
cmul		EQU 085DBH
colptr		EQU 07D5AH
coltyp		EQU 088D1H
colx16		EQU 088D8H
colxa		EQU 088E6H
colxb		EQU 088E8H
combyt		EQU 08472H
comcnt		EQU 08473H
contrl		EQU 07D21H
cpsp		EQU 08AAAH
d00075		EQU 0A631H
d00137		EQU 0A655H
deadf		EQU 07D52H
debkey		EQU 07D77H
delay		EQU 07D7FH
digd		EQU 07E14H
digh		EQU 07E53H
digl		EQU 07E4AH
digr		EQU 07E3FH
digu		EQU 07E1FH
digv		EQU 07E28H
displ0		EQU 08909H
disply		EQU 088F8H
dispx		EQU 07D4CH
dispy		EQU 07D4DH
dline		EQU 08831H
dmsg		EQU 08669H
dmsg0		EQU 0867FH
dmsg1		EQU 0869CH
dmsg2		EQU 08695H
dmsg3		EQU 08674H
dmsg4		EQU 086A7H
dobj		EQU 08193H
dobj0		EQU 08194H
droom		EQU 0841FH
droom0		EQU 08435H
droom1		EQU 0843FH
droom2		EQU 08425H
drpob		EQU 081EAH
dscor0		EQU 082B7H
dscore		EQU 082A9H
dspr		EQU 08748H
dspr0		EQU 0874AH
dspr1		EQU 0877EH
dspr2		EQU 08757H
dspr3		EQU 0879EH
dspr4		EQU 08791H
dspr5		EQU 08751H
dspr6		EQU 0878BH
e00039		EQU 0A66DH
e00047		EQU 0A672H
e00051		EQU 0A675H
e00074		EQU 0A684H
e00083		EQU 0A689H
e00104		EQU 0A695H
e00280		EQU 0A6FCH
edgeb		EQU 07D37H
edgel		EQU 07D38H
edger		EQU 07D39H
edget		EQU 07D36H
emchk		EQU 07EECH
endpal		EQU 08BACH
eop		EQU 07D68H
evdie		EQU 07FE3H
evini		EQU 07F3BH
evis0		EQU 08AD8H
evis1		EQU 08285H
evlp1		EQU 07F93H
evlp2		EQU 07F96H
evnt01		EQU 0A3FAH
evnt02		EQU 0A54DH
evnt03		EQU 0A609H
evnt04		EQU 0A656H
evnt05		EQU 0A6FDH
evnt06		EQU 0A7B9H
evnt07		EQU 0A7BAH
evnt08		EQU 0A7BBH
evnt09		EQU 0A7BCH
evnt10		EQU 0A8CCH
evnt11		EQU 0A92DH
evnt12		EQU 0A954H
evnt13		EQU 0A970H
evnt14		EQU 0A971H
evnt15		EQU 0A972H
evrs		EQU 07FF9H
evtyp0		EQU 08738H
evtyp1		EQU 0873AH
evtyp2		EQU 0873CH
evtyp3		EQU 0873EH
evtyp4		EQU 08740H
evtyp5		EQU 08742H
evtyp6		EQU 08744H
evtyp7		EQU 08746H
evwon		EQU 07FD6H
f00072		EQU 0A726H
f00097		EQU 0A733H
f00106		EQU 0A738H
f00110		EQU 0A73BH
f00167		EQU 0A75CH
f00191		EQU 0A769H
f00200		EQU 0A76EH
f00242		EQU 0A787H
f00247		EQU 0A78AH
f00276		EQU 0A79BH
f00310		EQU 0A7AFH
f00328		EQU 0A7B8H
fadescreen_ink_zero EQU 08C62H
fadescreen_loop1 EQU 08C4FH
fadescreen_loop2 EQU 08C59H
fadescreen_paper_zero EQU 08C6FH
fdchk		EQU 07ECCH
filld		EQU 07E70H
fillh		EQU 07EAFH
filll		EQU 07EA6H
fillr		EQU 07E9BH
fillu		EQU 07E7BH
fillv		EQU 07E84H
findob		EQU 081D7H
flbyt		EQU 08458H
flbyt1		EQU 0846AH
fndob1		EQU 081E4H
fndob2		EQU 081E1H
font		EQU 0A08AH
frmlst		EQU 091E1H
frmno		EQU 07D24H
frmptr		EQU 07D54H
fx1		EQU 09C8EH
fx2		EQU 09CB7H
fx3		EQU 09CE0H
gaadd		EQU 0832DH
game		EQU 07F0BH
gamwon		EQU 07D53H
get_glyph	EQU 08CACH
getob		EQU 081A2H
getob0		EQU 081C4H
getob1		EQU 081B6H
getwd0		EQU 086AFH
getwrd		EQU 086ACH
gfrm		EQU 08A03H
gotob		EQU 081C7H
gotob0		EQU 081D3H
gotob1		EQU 081D0H
gprad		EQU 082FFH
grav		EQU 0897AH
grav0		EQU 0898AH
gravd		EQU 08997H
gravd0		EQU 08998H
gravst		EQU 089B6H
gravu		EQU 089A5H
gravu0		EQU 089A8H
grbase		EQU 0829DH
groom		EQU 083FCH
groom0		EQU 08412H
groom1		EQU 08406H
groomx		EQU 083FFH
gspra0		EQU 087DCH
gsprad		EQU 087C5H
gspran		EQU 087ABH
gtobj		EQU 07FFCH
gtobj0		EQU 08000H
hmul		EQU 085DAH
hmul1		EQU 085E2H
hmul2		EQU 085E8H
ifal0		EQU 089F0H
ifall		EQU 089C0H
ifalls		EQU 089EDH
imul		EQU 08033H
imul1		EQU 0803BH
imul2		EQU 08041H
incsc		EQU 082E5H
incsc0		EQU 082F3H
incsc1		EQU 082E6H
incsc2		EQU 082F5H
iniob		EQU 07D97H
iniob0		EQU 07DA2H
init0		EQU 07F2AH
init_scroll	EQU 08C87H
initsc		EQU 0890DH
isnd		EQU 08048H
isnd1		EQU 08061H
isnd2		EQU 08065H
isnd3		EQU 08069H
ispr		EQU 08A55H
ispr1		EQU 08A5FH
ispr2		EQU 08A5BH
ispr3		EQU 08A75H
ispr4		EQU 08A6DH
j00257		EQU 0A854H
joyjo0		EQU 0865AH
joyjo1		EQU 08664H
joyjoy		EQU 0864AH
joyke0		EQU 08639H
joykey		EQU 0862CH
joyval		EQU 07D22H
jtab		EQU 08963H
jump		EQU 085A8H
jump0		EQU 085D0H
keys		EQU 08609H
kspr		EQU 08A7BH
kspr1		EQU 08A8EH
kspr2		EQU 08A81H
kspr3		EQU 08AA4H
kspr4		EQU 08A9CH
ktest		EQU 08610H
ktest0		EQU 08621H
ktest1		EQU 08626H
l00035		EQU 0A941H
l00068		EQU 0A953H
laddd		EQU 08474H
laddu		EQU 0847FH
laddv		EQU 08488H
ldchk		EQU 0853FH
logo1		EQU 08B56H
logo2		EQU 08B61H
logo_starwars	EQU 09F0DH
loop_msg	EQU 08CA6H
loopc		EQU 05C81H
lrchk		EQU 08519H
lrchkx		EQU 08524H
m00032		EQU 0A965H
m00052		EQU 0A96FH
mapdat		EQU 09186H
maprtab		EQU 08DAFH
mapst		EQU 07F2FH
maskad		EQU 08855H
messagescroll	EQU 08CDAH
mixtab		EQU 08111H
mloop		EQU 07F76H
msgdat		EQU 09D09H
msgno		EQU 07D34H
msgptr		EQU 07D62H
new_char	EQU 08C99H
newlev		EQU 07FC6H
nexlev		EQU 07D50H
nextrow		EQU 08CC7H
nline		EQU 08842H
nmedat		EQU 091F7H
nmeptr		EQU 07D60H
nspr		EQU 08A23H
nspr0		EQU 08A2CH
nspr1		EQU 08A3FH
nspr2		EQU 08A48H
num2ch		EQU 0800BH
numch		EQU 07D2CH
numdg		EQU 08021H
numdg0		EQU 0802CH
numdg1		EQU 08023H
numlif		EQU 07D3BH
nummsg		EQU 07D2FH
numob		EQU 07D35H
numsc		EQU 07D2DH
numsnd		EQU 07D30H
numspr		EQU 07D2BH
nwscr		EQU 08950H
nwscr0		EQU 08956H
nwscr1		EQU 0895EH
objdat		EQU 09D69H
objptr		EQU 07D64H
obno		EQU 07D23H
ogptr		EQU 08736H
p00189		EQU 0A9DDH
palett		EQU 08B6CH
panp		EQU 08384H
pattr		EQU 08376H
pchar		EQU 08345H
pchark		EQU 08354H
pchr		EQU 08391H
pdead		EQU 07FDCH
pix_count	EQU 08D09H
plchk		EQU 08527H
plchk0		EQU 08534H
plchkx		EQU 08536H
plmix		EQU 08101H
plsnd		EQU 08073H
plsnd1		EQU 0814BH
plsnd2		EQU 080ABH
plsnd3		EQU 080D6H
plwn		EQU 080A2H
pradd		EQU 08315H
proptr		EQU 07D5CH
prskey		EQU 07D6AH
prsky0		EQU 07D6DH
pspr		EQU 08707H
pspr1		EQU 0870DH
pspr2		EQU 0871FH
pspr3		EQU 0872BH
qoff		EQU 07FC2H
random		EQU 085EFH
redraw		EQU 07DEAH
redrw0		EQU 07DF8H
redrw1		EQU 07E0AH
restfl		EQU 07D51H
rmdat0		EQU 08DB7H
rmdat1		EQU 08F48H
rmdat2		EQU 090A5H
rmdat3		EQU 09173H
roomtb		EQU 091E0H
rsevt		EQU 07FF5H
rstrt		EQU 07F3EH
rstrt0		EQU 07F58H
rstrtn		EQU 07F4CH
rtanb0		EQU 088ABH
rtorg		EQU 08726H
rtorg0		EQU 0872AH
rtssp		EQU 08281H
scadd		EQU 08860H
scno		EQU 07D3AH
score		EQU 08297H
scrd		EQU 08949H
scrl		EQU 08926H
scrl0		EQU 0892AH
scroll		EQU 08CBFH
scroll1		EQU 08C87H
scroll_pos	EQU 08D07H
scrollrow	EQU 08CCEH
scrptr		EQU 07D5EH
scrr		EQU 0893CH
scrsiz		EQU 0829FH
scru		EQU 08942H
seed		EQU 08294H
seed2		EQU 08296H
setedg		EQU 08B0AH
setpa0		EQU 08AF9H
setpa1		EQU 08AF4H
setpal		EQU 08AE5H
shwob		EQU 08176H
shwob0		EQU 08181H
silen1		EQU 08115H
silen2		EQU 08122H
silen3		EQU 0812FH
skobj		EQU 08206H
skobj0		EQU 08214H
skobj1		EQU 08221H
skobj2		EQU 08240H
skobj3		EQU 0823FH
skptr		EQU 088CFH
sktyp		EQU 088AEH
sktyp0		EQU 088B3H
sktyp1		EQU 088BBH
snddat		EQU 08094H
sndmix		EQU 0809BH
sndno		EQU 07D31H
sndptr		EQU 07D66H
sndsel		EQU 07D32H
sndtyp		EQU 07DE9H
sndv1		EQU 0809CH
sndv2		EQU 0809DH
sndv3		EQU 0809EH
sndwnp		EQU 0809AH
spaw0		EQU 0824AH
spaw1		EQU 08255H
spawn		EQU 08242H
spmask		EQU 08882H
spptr		EQU 08292H
sprgfx		EQU 09242H
sprit0		EQU 083D5H
sprit1		EQU 083BBH
sprit2		EQU 083CBH
sprit3		EQU 0839CH
sprit6		EQU 083F4H
sprit7		EQU 08399H
sprite		EQU 083ADH
sprls0		EQU 08A1FH
sprls1		EQU 08A18H
sprls2		EQU 08A0FH
sprlst		EQU 08A0CH
sprno		EQU 07D26H
sprptr		EQU 07D56H
sprtab		EQU 08D0AH
sspri0		EQU 08807H
sspri1		EQU 08822H
sspria		EQU 08802H
ssprib		EQU 08811H
sspric		EQU 08819H
start		EQU 07D00H
swemp		EQU 086E7H
swspr		EQU 086F2H
swspr0		EQU 086FDH
tded		EQU 08543H
tded0		EQU 08565H
tded1		EQU 08576H
tempchar	EQU 08CFFH
thunder_logo	EQU 09D90H
tidyup		EQU 07FEDH
totfrm		EQU 07D2EH
tstbl		EQU 0858BH
tstsc		EQU 0891AH
update_scroll	EQU 08C93H
vara		EQU 07D3CH
varb		EQU 07D3DH
varc		EQU 07D3EH
vard		EQU 07D3FH
vare		EQU 07D40H
varf		EQU 07D41H
varg		EQU 07D42H
varh		EQU 07D43H
vari		EQU 07D44H
varj		EQU 07D45H
vark		EQU 07D46H
varl		EQU 07D47H
varm		EQU 07D48H
varn		EQU 07D49H
varo		EQU 07D4AH
varobj		EQU 07D4FH
varp		EQU 07D4BH
varrnd		EQU 07D4EH
vsync		EQU 07DB9H
vsync0		EQU 07DE0H
vsync1		EQU 07DDDH
vsync2		EQU 07DC3H
vsync3		EQU 07DCAH
vsync4		EQU 07DD9H
w8912		EQU 0807CH
w8912a		EQU 08084H
winhgt		EQU 07D29H
winlft		EQU 07D28H
wintop		EQU 07D27H
winwid		EQU 07D2AH
xspr		EQU 07D8CH
xspr0		EQU 07D91H
